// Jest Snapshot v1, https://goo.gl/fbAQLP

exports[`WorldRoot renders map information 1`] = `
<div
  className="super-container"
>
  <center>
    <a
      href="/"
    >
      <img
        className="logo2"
        src="images/logo.png"
      />
    </a>
    <h4>
       Type ' :h ' to see the menu 
    </h4>
    <div
      className="game-container"
    >
      <div
        className="support-container"
      >
        <div
          className="Script"
        >
          Vim has just had his haircut and is ready to cycle home looking fresh-fresh. But wait...

Vim: ?? I thought I left my bike tied up here. Maybe I left it over thereâ€¦


        </div>
        <br />
        <br />
        <br />
      </div>
      <div
        className="container-right"
      >
        <div
          style={
            Object {
              "height": "480px",
              "margin": "20px",
              "position": "relative",
              "width": "800px",
            }
          }
        >
          <div
            style={
              Object {
                "backgroundColor": "black",
                "border": "3px solid white",
                "height": 416,
                "left": "-32px",
                "position": "relative",
                "top": "0px",
                "width": 736,
              }
            }
          />
          <div
            className="Player"
            style={
              Object {
                "backgroundImage": "url('player_walk.png')",
                "backgroundPosition": "0px 0px",
                "height": "32px",
                "left": 32,
                "position": "absolute",
                "top": 32,
                "width": "32px",
              }
            }
          />
        </div>
      </div>
    </div>
  </center>
</div>
`;
